// Jest Snapshot v1, https://goo.gl/fbAQLP

exports[`ArticleList Testing snapshot testing 1`] = `
<div
  className="article-list"
>
  <div
    className="list-header"
  />
  <div
    className="list-content"
  >
    <div
      className="article-virtual-list"
      onClick={[Function]}
    >
      <div
        style={
          Object {
            "height": 0,
            "overflow": "visible",
            "width": 0,
          }
        }
      >
        <div
          aria-label="grid"
          aria-readonly={true}
          className="ReactVirtualized__Grid ReactVirtualized__List"
          onScroll={[Function]}
          role="grid"
          style={
            Object {
              "WebkitOverflowScrolling": "touch",
              "boxSizing": "border-box",
              "direction": "ltr",
              "height": 0,
              "overflowX": "hidden",
              "overflowY": "auto",
              "position": "relative",
              "width": 0,
              "willChange": "transform",
            }
          }
          tabIndex={0}
        />
      </div>
    </div>
  </div>
  <div
    className="list-footer"
  >
    <div
      className="list-footer-left"
    >
      <i
        aria-label="icon: check-circle"
        className="anticon anticon-check-circle check-all"
        onClick={[Function]}
        tabIndex={-1}
      >
        <svg
          aria-hidden="true"
          className=""
          data-icon="check-circle"
          fill="currentColor"
          focusable="false"
          height="1em"
          viewBox="64 64 896 896"
          width="1em"
        >
          <path
            d="M512 64C264.6 64 64 264.6 64 512s200.6 448 448 448 448-200.6 448-448S759.4 64 512 64zm193.5 301.7l-210.6 292a31.8 31.8 0 0 1-51.7 0L318.5 484.9c-3.8-5.3 0-12.7 6.5-12.7h46.9c10.2 0 19.9 4.9 25.9 13.3l71.2 98.8 157.2-218c6-8.3 15.6-13.3 25.9-13.3H699c6.5 0 10.3 7.4 6.5 12.7z"
          />
        </svg>
      </i>
    </div>
    <div
      className="list-footer-right"
    >
      <i
        aria-label="icon: search"
        className="anticon anticon-search search-item"
        onClick={[Function]}
        tabIndex={-1}
      >
        <svg
          aria-hidden="true"
          className=""
          data-icon="search"
          fill="currentColor"
          focusable="false"
          height="1em"
          viewBox="64 64 896 896"
          width="1em"
        >
          <path
            d="M909.6 854.5L649.9 594.8C690.2 542.7 712 479 712 412c0-80.2-31.3-155.4-87.9-212.1-56.6-56.7-132-87.9-212.1-87.9s-155.5 31.3-212.1 87.9C143.2 256.5 112 331.8 112 412c0 80.1 31.3 155.5 87.9 212.1C256.5 680.8 331.8 712 412 712c67 0 130.6-21.8 182.7-62l259.7 259.6a8.2 8.2 0 0 0 11.6 0l43.6-43.5a8.2 8.2 0 0 0 0-11.6zM570.4 570.4C528 612.7 471.8 636 412 636s-116-23.3-158.4-65.6C211.3 528 188 471.8 188 412s23.3-116.1 65.6-158.4C296 211.3 352.2 188 412 188s116.1 23.2 158.4 65.6S636 352.2 636 412s-23.3 116.1-65.6 158.4z"
          />
        </svg>
      </i>
    </div>
  </div>
  <div
    className="article-list-skeleton "
    style={
      Object {
        "display": "none",
      }
    }
  >
    <span
      className="span-skeleton skeleton-active "
      style={
        Object {
          "marginLeft": 8,
          "width": 90,
        }
      }
    />
    <div
      className="article-item"
    >
      <div
        className="item-sider"
      >
        <div
          className="avatar-skeleton skeleton-active "
        />
      </div>
      <div
        className="item-main"
      >
        <div
          className="item-header"
        >
          <div
            className="item-header-left"
          >
            <span
              className="span-skeleton skeleton-active "
              style={
                Object {
                  "width": 96,
                }
              }
            />
          </div>
          <div
            className="item-header-right"
          >
            <span
              className="span-skeleton skeleton-active "
              style={
                Object {
                  "width": 36,
                }
              }
            />
          </div>
        </div>
        <div
          className="item-content"
        >
          <div
            className="text-skeleton skeleton-active "
            style={
              Object {
                "width": undefined,
              }
            }
          />
          <div
            className="text-skeleton skeleton-active "
            style={
              Object {
                "width": "67%",
              }
            }
          />
        </div>
        <div
          className="item-footer"
        >
          <span
            className="span-skeleton skeleton-active "
            style={
              Object {
                "width": "100%",
              }
            }
          />
        </div>
      </div>
    </div>
    <div
      className="article-item"
    >
      <div
        className="item-sider"
      >
        <div
          className="avatar-skeleton skeleton-active "
        />
      </div>
      <div
        className="item-main"
      >
        <div
          className="item-header"
        >
          <div
            className="item-header-left"
          >
            <span
              className="span-skeleton skeleton-active "
              style={
                Object {
                  "width": 96,
                }
              }
            />
          </div>
          <div
            className="item-header-right"
          >
            <span
              className="span-skeleton skeleton-active "
              style={
                Object {
                  "width": 36,
                }
              }
            />
          </div>
        </div>
        <div
          className="item-content"
        >
          <div
            className="text-skeleton skeleton-active "
            style={
              Object {
                "width": undefined,
              }
            }
          />
          <div
            className="text-skeleton skeleton-active "
            style={
              Object {
                "width": "67%",
              }
            }
          />
        </div>
        <div
          className="item-footer"
        >
          <span
            className="span-skeleton skeleton-active "
            style={
              Object {
                "width": "100%",
              }
            }
          />
        </div>
      </div>
    </div>
    <div
      className="article-item"
    >
      <div
        className="item-sider"
      >
        <div
          className="avatar-skeleton skeleton-active "
        />
      </div>
      <div
        className="item-main"
      >
        <div
          className="item-header"
        >
          <div
            className="item-header-left"
          >
            <span
              className="span-skeleton skeleton-active "
              style={
                Object {
                  "width": 96,
                }
              }
            />
          </div>
          <div
            className="item-header-right"
          >
            <span
              className="span-skeleton skeleton-active "
              style={
                Object {
                  "width": 36,
                }
              }
            />
          </div>
        </div>
        <div
          className="item-content"
        >
          <div
            className="text-skeleton skeleton-active "
            style={
              Object {
                "width": undefined,
              }
            }
          />
          <div
            className="text-skeleton skeleton-active "
            style={
              Object {
                "width": "67%",
              }
            }
          />
        </div>
        <div
          className="item-footer"
        >
          <span
            className="span-skeleton skeleton-active "
            style={
              Object {
                "width": "100%",
              }
            }
          />
        </div>
      </div>
    </div>
    <div
      className="article-item"
    >
      <div
        className="item-sider"
      >
        <div
          className="avatar-skeleton skeleton-active "
        />
      </div>
      <div
        className="item-main"
      >
        <div
          className="item-header"
        >
          <div
            className="item-header-left"
          >
            <span
              className="span-skeleton skeleton-active "
              style={
                Object {
                  "width": 96,
                }
              }
            />
          </div>
          <div
            className="item-header-right"
          >
            <span
              className="span-skeleton skeleton-active "
              style={
                Object {
                  "width": 36,
                }
              }
            />
          </div>
        </div>
        <div
          className="item-content"
        >
          <div
            className="text-skeleton skeleton-active "
            style={
              Object {
                "width": undefined,
              }
            }
          />
          <div
            className="text-skeleton skeleton-active "
            style={
              Object {
                "width": "67%",
              }
            }
          />
        </div>
        <div
          className="item-footer"
        >
          <span
            className="span-skeleton skeleton-active "
            style={
              Object {
                "width": "100%",
              }
            }
          />
        </div>
      </div>
    </div>
    <div
      className="article-item"
    >
      <div
        className="item-sider"
      >
        <div
          className="avatar-skeleton skeleton-active "
        />
      </div>
      <div
        className="item-main"
      >
        <div
          className="item-header"
        >
          <div
            className="item-header-left"
          >
            <span
              className="span-skeleton skeleton-active "
              style={
                Object {
                  "width": 96,
                }
              }
            />
          </div>
          <div
            className="item-header-right"
          >
            <span
              className="span-skeleton skeleton-active "
              style={
                Object {
                  "width": 36,
                }
              }
            />
          </div>
        </div>
        <div
          className="item-content"
        >
          <div
            className="text-skeleton skeleton-active "
            style={
              Object {
                "width": undefined,
              }
            }
          />
          <div
            className="text-skeleton skeleton-active "
            style={
              Object {
                "width": "67%",
              }
            }
          />
        </div>
        <div
          className="item-footer"
        >
          <span
            className="span-skeleton skeleton-active "
            style={
              Object {
                "width": "100%",
              }
            }
          />
        </div>
      </div>
    </div>
    <div
      className="article-item"
    >
      <div
        className="item-sider"
      >
        <div
          className="avatar-skeleton skeleton-active "
        />
      </div>
      <div
        className="item-main"
      >
        <div
          className="item-header"
        >
          <div
            className="item-header-left"
          >
            <span
              className="span-skeleton skeleton-active "
              style={
                Object {
                  "width": 96,
                }
              }
            />
          </div>
          <div
            className="item-header-right"
          >
            <span
              className="span-skeleton skeleton-active "
              style={
                Object {
                  "width": 36,
                }
              }
            />
          </div>
        </div>
        <div
          className="item-content"
        >
          <div
            className="text-skeleton skeleton-active "
            style={
              Object {
                "width": undefined,
              }
            }
          />
          <div
            className="text-skeleton skeleton-active "
            style={
              Object {
                "width": "67%",
              }
            }
          />
        </div>
        <div
          className="item-footer"
        >
          <span
            className="span-skeleton skeleton-active "
            style={
              Object {
                "width": "100%",
              }
            }
          />
        </div>
      </div>
    </div>
    <div
      className="article-item"
    >
      <div
        className="item-sider"
      >
        <div
          className="avatar-skeleton skeleton-active "
        />
      </div>
      <div
        className="item-main"
      >
        <div
          className="item-header"
        >
          <div
            className="item-header-left"
          >
            <span
              className="span-skeleton skeleton-active "
              style={
                Object {
                  "width": 96,
                }
              }
            />
          </div>
          <div
            className="item-header-right"
          >
            <span
              className="span-skeleton skeleton-active "
              style={
                Object {
                  "width": 36,
                }
              }
            />
          </div>
        </div>
        <div
          className="item-content"
        >
          <div
            className="text-skeleton skeleton-active "
            style={
              Object {
                "width": undefined,
              }
            }
          />
          <div
            className="text-skeleton skeleton-active "
            style={
              Object {
                "width": "67%",
              }
            }
          />
        </div>
        <div
          className="item-footer"
        >
          <span
            className="span-skeleton skeleton-active "
            style={
              Object {
                "width": "100%",
              }
            }
          />
        </div>
      </div>
    </div>
    <div
      className="article-item"
    >
      <div
        className="item-sider"
      >
        <div
          className="avatar-skeleton skeleton-active "
        />
      </div>
      <div
        className="item-main"
      >
        <div
          className="item-header"
        >
          <div
            className="item-header-left"
          >
            <span
              className="span-skeleton skeleton-active "
              style={
                Object {
                  "width": 96,
                }
              }
            />
          </div>
          <div
            className="item-header-right"
          >
            <span
              className="span-skeleton skeleton-active "
              style={
                Object {
                  "width": 36,
                }
              }
            />
          </div>
        </div>
        <div
          className="item-content"
        >
          <div
            className="text-skeleton skeleton-active "
            style={
              Object {
                "width": undefined,
              }
            }
          />
          <div
            className="text-skeleton skeleton-active "
            style={
              Object {
                "width": "67%",
              }
            }
          />
        </div>
        <div
          className="item-footer"
        >
          <span
            className="span-skeleton skeleton-active "
            style={
              Object {
                "width": "100%",
              }
            }
          />
        </div>
      </div>
    </div>
  </div>
</div>
`;
